../Core/Src/main.c:174:5:main	120	static
../Core/Src/main.c:290:6:SystemClock_Config	88	static
../Core/Src/main.c:336:13:MX_CRC_Init	8	static
../Core/Src/main.c:362:13:MX_DMA2D_Init	8	static
../Core/Src/main.c:399:13:MX_I2C3_Init	8	static
../Core/Src/main.c:447:13:MX_LTDC_Init	64	static
../Core/Src/main.c:509:13:MX_SPI5_Init	8	static
../Core/Src/main.c:547:13:MX_TIM1_Init	32	static
../Core/Src/main.c:593:13:MX_USART1_UART_Init	8	static
../Core/Src/main.c:622:13:MX_FMC_Init	40	static
../Core/Src/main.c:673:13:MX_GPIO_Init	64	static
../Core/Src/main.c:767:6:Task_GameTick	64	static
../Core/Src/main.c:867:6:change_direction	16	static
../Core/Src/main.c:872:6:Task_Input	24	static
../Core/Src/main.c:890:6:Task_LCD	24	static
../Core/Src/main.c:901:6:draw_tile	16	static
../Core/Src/main.c:912:6:snake_reset	40	static
../Core/Src/main.c:940:9:get_next_head	24	static
../Core/Src/main.c:960:6:snake_hit_self	24	static
../Core/Src/main.c:971:10:lfsr_rand	16	static
../Core/Src/main.c:981:10:rand_range	16	static
../Core/Src/main.c:986:9:random_food	16	static
../Core/Src/main.c:994:6:food_spawn	40	static
../Core/Src/main.c:1029:6:draw_score	40	static
../Core/Src/main.c:1044:6:draw_hud_border	8	static
../Core/Src/main.c:1061:6:StartDefaultTask	16	static
../Core/Src/main.c:1078:6:HAL_TIM_PeriodElapsedCallback	16	static
../Core/Src/main.c:1096:6:Error_Handler	4	static,ignoring_inline_asm
